test_both_prompt_routes_append_format_prefix_once (test_live_smoke_prefill.PrefillInterfaceTests.test_both_prompt_routes_append_format_prefix_once) ... ok
test_budget_sampling_loss_interface_and_sbatch_match (test_live_smoke_prefill.PrefillInterfaceTests.test_budget_sampling_loss_interface_and_sbatch_match) ... ok
test_generated_tokens_keep_eos_and_only_remove_post_eos_padding (test_live_smoke_prefill.PrefillInterfaceTests.test_generated_tokens_keep_eos_and_only_remove_post_eos_padding) ... ok
test_production_prefix_is_checked_without_executing_source (test_live_smoke_prefill.PrefillInterfaceTests.test_production_prefix_is_checked_without_executing_source) ... ok
test_verifier_receives_prefix_plus_native_suffix (test_live_smoke_prefill.PrefillInterfaceTests.test_verifier_receives_prefix_plus_native_suffix) ... ok
test_complete_raw_evidence_aggregates_conditions_and_static_cycles (test_round_evidence.RawEvidenceTests.test_complete_raw_evidence_aggregates_conditions_and_static_cycles) ... ok
test_cycle_fact_and_nested_binary_condition_contracts (test_round_evidence.RawEvidenceTests.test_cycle_fact_and_nested_binary_condition_contracts) ... ok
test_final_first_eight_is_derived_from_identical_raw_records (test_round_evidence.RawEvidenceTests.test_final_first_eight_is_derived_from_identical_raw_records) ... ok
test_input_order_and_mapping_format_do_not_change_aggregation (test_round_evidence.RawEvidenceTests.test_input_order_and_mapping_format_do_not_change_aggregation) ... ok
test_missing_duplicate_or_unexpected_instance_sample_rejected (test_round_evidence.RawEvidenceTests.test_missing_duplicate_or_unexpected_instance_sample_rejected) ... ok
test_mixed_checkpoint_manifest_seed_or_wrong_sample_count_rejected (test_round_evidence.RawEvidenceTests.test_mixed_checkpoint_manifest_seed_or_wrong_sample_count_rejected) ... ok
test_cycle_fraction_half_is_structure_one (test_verge_protocol.ArchiveTests.test_cycle_fraction_half_is_structure_one) ... ok
test_empty_cells_preserve_detours_and_lead_uses_highest_rung (test_verge_protocol.ArchiveTests.test_empty_cells_preserve_detours_and_lead_uses_highest_rung) ... ok
test_same_cell_requires_significant_gain_and_exact_tie_keeps_incumbent (test_verge_protocol.ArchiveTests.test_same_cell_requires_significant_gain_and_exact_tie_keeps_incumbent) ... ok
test_saturated_terminal_cell_compares_full_pass_rate (test_verge_protocol.ArchiveTests.test_saturated_terminal_cell_compares_full_pass_rate) ... ok
test_zero_parse_valid_has_explicit_zero_count_and_structure_zero (test_verge_protocol.ArchiveTests.test_zero_parse_valid_has_explicit_zero_count_and_structure_zero) ... ok
test_direct_saves_union_of_course_boundaries_including_tail (test_verge_protocol.BranchPlanningTests.test_direct_saves_union_of_course_boundaries_including_tail) ... ok
test_invalid_budget_and_reserved_direct_name_rejected (test_verge_protocol.BranchPlanningTests.test_invalid_budget_and_reserved_direct_name_rejected) ... ok
test_shared_base_fresh_optimizer_binary_loss_and_generated_token_budget (test_verge_protocol.BranchPlanningTests.test_shared_base_fresh_optimizer_binary_loss_and_generated_token_budget) ... ok
test_three_stage_interfaces_are_preserved (test_verge_protocol.BranchPlanningTests.test_three_stage_interfaces_are_preserved) ... ok
test_counts_are_empirical_nested_and_complete (test_verge_protocol.EvaluationAndBootstrapTests.test_counts_are_empirical_nested_and_complete) ... ok
test_cross_seed_manifest_instance_or_sample_mismatch_rejected (test_verge_protocol.EvaluationAndBootstrapTests.test_cross_seed_manifest_instance_or_sample_mismatch_rejected) ... ok
test_frontier_saturation_and_success_count (test_verge_protocol.EvaluationAndBootstrapTests.test_frontier_saturation_and_success_count) ... ok
test_paired_bootstrap_resamples_instances_not_rollouts (test_verge_protocol.EvaluationAndBootstrapTests.test_paired_bootstrap_resamples_instances_not_rollouts) ... ok
test_final_batch_size_and_q_are_enforced (test_verge_protocol.RoundScoringTests.test_final_batch_size_and_q_are_enforced) ... ok
test_full_curriculum_gain_and_positive_ci_enter_j_plus (test_verge_protocol.RoundScoringTests.test_full_curriculum_gain_and_positive_ci_enter_j_plus) ... ok
test_one_round_kappa_is_frozen_for_all_curricula (test_verge_protocol.RoundScoringTests.test_one_round_kappa_is_frozen_for_all_curricula) ... ok
test_reward_switch_requires_two_branches_and_includes_direct (test_verge_protocol.RoundScoringTests.test_reward_switch_requires_two_branches_and_includes_direct) ... ok
test_missing_tail_or_impossible_probe_subset_rejected (test_verge_protocol.StageDecompositionTests.test_missing_tail_or_impossible_probe_subset_rejected) ... ok
test_stage_pairing_sample_prefix_checkpoint_and_base_are_checked (test_verge_protocol.StageDecompositionTests.test_stage_pairing_sample_prefix_checkpoint_and_base_are_checked) ... ok
test_tail_can_have_negative_delta_and_correction_is_explicit (test_verge_protocol.StageDecompositionTests.test_tail_can_have_negative_delta_and_correction_is_explicit) ... ok
test_declared_class_universe_cannot_lose_an_entire_class (test_verge_protocol.VerificationTests.test_declared_class_universe_cannot_lose_an_entire_class) ... ok
test_full_pass_binary_reward_and_parse_fail (test_verge_protocol.VerificationTests.test_full_pass_binary_reward_and_parse_fail) ... ok
test_incomplete_blank_duplicate_or_too_small_manifest_rejected (test_verge_protocol.VerificationTests.test_incomplete_blank_duplicate_or_too_small_manifest_rejected) ... ok
test_min_class_not_pooled_rate_and_six_nested_conditions (test_verge_protocol.VerificationTests.test_min_class_not_pooled_rate_and_six_nested_conditions) ... ok
test_timeout_and_missing_output_retain_denominators (test_verge_protocol.VerificationTests.test_timeout_and_missing_output_retain_denominators) ... ok

----------------------------------------------------------------------
Ran 36 tests in 0.026s

OK
